// Jest Snapshot v1, https://goo.gl/fbAQLP

exports[`App 1`] = `
<div>
  <div>
    Hello World, 
    Magomed
  </div>
</div>
`;
